Archive member included to satisfy reference by file (symbol)

C:/Users/svant/OneDrive/Documents/AVR/Avr/bin/../lib/gcc/avr/15.2.0/avr5\libgcc.a(_exit.o)
                              C:/Users/svant/OneDrive/Documents/AVR/Avr/bin/../lib/gcc/avr/15.2.0/../../../../avr/lib/avr5/crtatmega328p.o (exit)
C:/Users/svant/OneDrive/Documents/AVR/Avr/bin/../lib/gcc/avr/15.2.0/avr5\libgcc.a(_copy_data.o)
                              obj/main.o (__do_copy_data)
C:/Users/svant/OneDrive/Documents/AVR/Avr/bin/../lib/gcc/avr/15.2.0/avr5\libgcc.a(_clear_bss.o)
                              obj/millis.o (__do_clear_bss)
C:/Users/svant/OneDrive/Documents/AVR/Avr/bin/../lib/gcc/avr/15.2.0/../../../../avr/lib/avr5\libm.a(addsf3.o)
                              obj/servo.o (__addsf3)
C:/Users/svant/OneDrive/Documents/AVR/Avr/bin/../lib/gcc/avr/15.2.0/../../../../avr/lib/avr5\libm.a(addsf3x.o)
                              C:/Users/svant/OneDrive/Documents/AVR/Avr/bin/../lib/gcc/avr/15.2.0/../../../../avr/lib/avr5\libm.a(addsf3.o) (__addsf3x)
C:/Users/svant/OneDrive/Documents/AVR/Avr/bin/../lib/gcc/avr/15.2.0/../../../../avr/lib/avr5\libm.a(fixunssfsi.o)
                              obj/servo.o (__fixunssfsi)
C:/Users/svant/OneDrive/Documents/AVR/Avr/bin/../lib/gcc/avr/15.2.0/../../../../avr/lib/avr5\libm.a(floatsisf.o)
                              obj/servo.o (__floatsisf)
C:/Users/svant/OneDrive/Documents/AVR/Avr/bin/../lib/gcc/avr/15.2.0/../../../../avr/lib/avr5\libm.a(fp_inf.o)
                              C:/Users/svant/OneDrive/Documents/AVR/Avr/bin/../lib/gcc/avr/15.2.0/../../../../avr/lib/avr5\libm.a(addsf3x.o) (__fp_inf)
C:/Users/svant/OneDrive/Documents/AVR/Avr/bin/../lib/gcc/avr/15.2.0/../../../../avr/lib/avr5\libm.a(fp_nan.o)
                              C:/Users/svant/OneDrive/Documents/AVR/Avr/bin/../lib/gcc/avr/15.2.0/../../../../avr/lib/avr5\libm.a(addsf3x.o) (__fp_nan)
C:/Users/svant/OneDrive/Documents/AVR/Avr/bin/../lib/gcc/avr/15.2.0/../../../../avr/lib/avr5\libm.a(fp_pscA.o)
                              C:/Users/svant/OneDrive/Documents/AVR/Avr/bin/../lib/gcc/avr/15.2.0/../../../../avr/lib/avr5\libm.a(addsf3x.o) (__fp_pscA)
C:/Users/svant/OneDrive/Documents/AVR/Avr/bin/../lib/gcc/avr/15.2.0/../../../../avr/lib/avr5\libm.a(fp_pscB.o)
                              C:/Users/svant/OneDrive/Documents/AVR/Avr/bin/../lib/gcc/avr/15.2.0/../../../../avr/lib/avr5\libm.a(addsf3x.o) (__fp_pscB)
C:/Users/svant/OneDrive/Documents/AVR/Avr/bin/../lib/gcc/avr/15.2.0/../../../../avr/lib/avr5\libm.a(fp_round.o)
                              C:/Users/svant/OneDrive/Documents/AVR/Avr/bin/../lib/gcc/avr/15.2.0/../../../../avr/lib/avr5\libm.a(addsf3.o) (__fp_round)
C:/Users/svant/OneDrive/Documents/AVR/Avr/bin/../lib/gcc/avr/15.2.0/../../../../avr/lib/avr5\libm.a(fp_split3.o)
                              C:/Users/svant/OneDrive/Documents/AVR/Avr/bin/../lib/gcc/avr/15.2.0/../../../../avr/lib/avr5\libm.a(addsf3x.o) (__fp_split3)
C:/Users/svant/OneDrive/Documents/AVR/Avr/bin/../lib/gcc/avr/15.2.0/../../../../avr/lib/avr5\libm.a(fp_zero.o)
                              C:/Users/svant/OneDrive/Documents/AVR/Avr/bin/../lib/gcc/avr/15.2.0/../../../../avr/lib/avr5\libm.a(addsf3x.o) (__fp_zero)
C:/Users/svant/OneDrive/Documents/AVR/Avr/bin/../lib/gcc/avr/15.2.0/../../../../avr/lib/avr5\libm.a(mulsf3.o)
                              obj/servo.o (__mulsf3)
C:/Users/svant/OneDrive/Documents/AVR/Avr/bin/../lib/gcc/avr/15.2.0/../../../../avr/lib/avr5\libm.a(mulsf3x.o)
                              C:/Users/svant/OneDrive/Documents/AVR/Avr/bin/../lib/gcc/avr/15.2.0/../../../../avr/lib/avr5\libm.a(mulsf3.o) (__mulsf3x)
C:/Users/svant/OneDrive/Documents/AVR/Avr/bin/../lib/gcc/avr/15.2.0/../../../../avr/lib/avr5\libc.a(strncmp.o)
                              obj/main.o (strncmp)
C:/Users/svant/OneDrive/Documents/AVR/Avr/bin/../lib/gcc/avr/15.2.0/../../../../avr/lib/avr5\libc.a(iob.o)
                              obj/uart.o (__iob)
C:/Users/svant/OneDrive/Documents/AVR/Avr/bin/../lib/gcc/avr/15.2.0/../../../../avr/lib/avr5\libc.a(printf.o)
                              obj/main.o (printf)
C:/Users/svant/OneDrive/Documents/AVR/Avr/bin/../lib/gcc/avr/15.2.0/../../../../avr/lib/avr5\libc.a(puts.o)
                              obj/main.o (puts)
C:/Users/svant/OneDrive/Documents/AVR/Avr/bin/../lib/gcc/avr/15.2.0/../../../../avr/lib/avr5\libc.a(vsnprintf.o)
                              obj/lcd.o (vsnprintf)
C:/Users/svant/OneDrive/Documents/AVR/Avr/bin/../lib/gcc/avr/15.2.0/../../../../avr/lib/avr5\libc.a(vfprintf_std.o)
                              C:/Users/svant/OneDrive/Documents/AVR/Avr/bin/../lib/gcc/avr/15.2.0/../../../../avr/lib/avr5\libc.a(printf.o) (vfprintf)
C:/Users/svant/OneDrive/Documents/AVR/Avr/bin/../lib/gcc/avr/15.2.0/../../../../avr/lib/avr5\libc.a(strnlen_P.o)
                              C:/Users/svant/OneDrive/Documents/AVR/Avr/bin/../lib/gcc/avr/15.2.0/../../../../avr/lib/avr5\libc.a(vfprintf_std.o) (strnlen_P)
C:/Users/svant/OneDrive/Documents/AVR/Avr/bin/../lib/gcc/avr/15.2.0/../../../../avr/lib/avr5\libc.a(strnlen.o)
                              C:/Users/svant/OneDrive/Documents/AVR/Avr/bin/../lib/gcc/avr/15.2.0/../../../../avr/lib/avr5\libc.a(vfprintf_std.o) (strnlen)
C:/Users/svant/OneDrive/Documents/AVR/Avr/bin/../lib/gcc/avr/15.2.0/../../../../avr/lib/avr5\libc.a(fputc.o)
                              C:/Users/svant/OneDrive/Documents/AVR/Avr/bin/../lib/gcc/avr/15.2.0/../../../../avr/lib/avr5\libc.a(vfprintf_std.o) (fputc)
C:/Users/svant/OneDrive/Documents/AVR/Avr/bin/../lib/gcc/avr/15.2.0/../../../../avr/lib/avr5\libc.a(ultoa_invert.o)
                              C:/Users/svant/OneDrive/Documents/AVR/Avr/bin/../lib/gcc/avr/15.2.0/../../../../avr/lib/avr5\libc.a(vfprintf_std.o) (__ultoa_invert)
C:/Users/svant/OneDrive/Documents/AVR/Avr/bin/../lib/gcc/avr/15.2.0/avr5\libgcc.a(_negsi2.o)
                              C:/Users/svant/OneDrive/Documents/AVR/Avr/bin/../lib/gcc/avr/15.2.0/../../../../avr/lib/avr5\libc.a(vfprintf_std.o) (__negsi2)
C:/Users/svant/OneDrive/Documents/AVR/Avr/bin/../lib/gcc/avr/15.2.0/avr5\libgcc.a(_prologue.o)
                              C:/Users/svant/OneDrive/Documents/AVR/Avr/bin/../lib/gcc/avr/15.2.0/../../../../avr/lib/avr5\libc.a(printf.o) (__prologue_saves__)
C:/Users/svant/OneDrive/Documents/AVR/Avr/bin/../lib/gcc/avr/15.2.0/avr5\libgcc.a(_epilogue.o)
                              C:/Users/svant/OneDrive/Documents/AVR/Avr/bin/../lib/gcc/avr/15.2.0/../../../../avr/lib/avr5\libc.a(printf.o) (__epilogue_restores__)

There are no discarded input sections

Memory Configuration

Name             Origin             Length             Attributes
text             0x00000000         0x00008000         xr
data             0x00800100         0x00000800         rw!x
eeprom           0x00810000         0x00000400         rw!x
fuse             0x00820000         0x00000003         rw!x
lock             0x00830000         0x00000400         rw!x
signature        0x00840000         0x00000400         rw!x
user_signatures  0x00850000         0x00000400         rw!x
*default*        0x00000000         0xffffffff

Linker script and memory map

Address of section .data set to 0x800100
LOAD C:/Users/svant/OneDrive/Documents/AVR/Avr/bin/../lib/gcc/avr/15.2.0/../../../../avr/lib/avr5/crtatmega328p.o
LOAD obj/millis.o
LOAD obj/main.o
LOAD obj/servo.o
LOAD obj/uart.o
LOAD obj/lcd.o
START GROUP
LOAD C:/Users/svant/OneDrive/Documents/AVR/Avr/bin/../lib/gcc/avr/15.2.0/avr5\libgcc.a
LOAD C:/Users/svant/OneDrive/Documents/AVR/Avr/bin/../lib/gcc/avr/15.2.0/../../../../avr/lib/avr5\libm.a
LOAD C:/Users/svant/OneDrive/Documents/AVR/Avr/bin/../lib/gcc/avr/15.2.0/../../../../avr/lib/avr5\libc.a
LOAD C:/Users/svant/OneDrive/Documents/AVR/Avr/bin/../lib/gcc/avr/15.2.0/../../../../avr/lib/avr5\libatmega328p.a
END GROUP
                [0x00000000]                      __TEXT_REGION_ORIGIN__ = DEFINED (__TEXT_REGION_ORIGIN__)?__TEXT_REGION_ORIGIN__:0x0
                [0x00008000]                      __TEXT_REGION_LENGTH__ = DEFINED (__TEXT_REGION_LENGTH__)?__TEXT_REGION_LENGTH__:0x20000
                [0x00800100]                      __DATA_REGION_ORIGIN__ = DEFINED (__DATA_REGION_ORIGIN__)?__DATA_REGION_ORIGIN__:0x800060
                [0x00000800]                      __DATA_REGION_LENGTH__ = DEFINED (__DATA_REGION_LENGTH__)?__DATA_REGION_LENGTH__:0xffa0
                [0x00000400]                      __EEPROM_REGION_LENGTH__ = DEFINED (__EEPROM_REGION_LENGTH__)?__EEPROM_REGION_LENGTH__:0x10000
                [0x00000003]                      __FUSE_REGION_LENGTH__ = DEFINED (__FUSE_REGION_LENGTH__)?__FUSE_REGION_LENGTH__:0x400
                0x00000400                        __LOCK_REGION_LENGTH__ = DEFINED (__LOCK_REGION_LENGTH__)?__LOCK_REGION_LENGTH__:0x400
                0x00000400                        __SIGNATURE_REGION_LENGTH__ = DEFINED (__SIGNATURE_REGION_LENGTH__)?__SIGNATURE_REGION_LENGTH__:0x400
                0x00000400                        __USER_SIGNATURE_REGION_LENGTH__ = DEFINED (__USER_SIGNATURE_REGION_LENGTH__)?__USER_SIGNATURE_REGION_LENGTH__:0x400

.hash
 *(.hash)

.dynsym
 *(.dynsym)

.dynstr
 *(.dynstr)

.gnu.version
 *(.gnu.version)

.gnu.version_d
 *(.gnu.version_d)

.gnu.version_r
 *(.gnu.version_r)

.rel.init
 *(.rel.init)

.rela.init
 *(.rela.init)

.rel.text
 *(.rel.text)
 *(.rel.text.*)
 *(.rel.gnu.linkonce.t*)

.rela.text
 *(.rela.text)
 *(.rela.text.*)
 *(.rela.gnu.linkonce.t*)

.rel.fini
 *(.rel.fini)

.rela.fini
 *(.rela.fini)

.rel.rodata
 *(.rel.rodata)
 *(.rel.rodata.*)
 *(.rel.gnu.linkonce.r*)

.rela.rodata
 *(.rela.rodata)
 *(.rela.rodata.*)
 *(.rela.gnu.linkonce.r*)

.rel.data
 *(.rel.data)
 *(.rel.data.*)
 *(.rel.gnu.linkonce.d*)

.rela.data
 *(.rela.data)
 *(.rela.data.*)
 *(.rela.gnu.linkonce.d*)

.rel.ctors
 *(.rel.ctors)

.rela.ctors
 *(.rela.ctors)

.rel.dtors
 *(.rel.dtors)

.rela.dtors
 *(.rela.dtors)

.rel.got
 *(.rel.got)

.rela.got
 *(.rela.got)

.rel.bss
 *(.rel.bss)

.rela.bss
 *(.rela.bss)

.rel.plt
 *(.rel.plt)

.rela.plt
 *(.rela.plt)

.text           0x00000000     0x1352
 *(.vectors)
 .vectors       0x00000000       0x68 C:/Users/svant/OneDrive/Documents/AVR/Avr/bin/../lib/gcc/avr/15.2.0/../../../../avr/lib/avr5/crtatmega328p.o
                0x00000000                __vector_default
                0x00000000                __vectors
 *(.vectors)
                0x00000068                        __progmem_start = .
 *(.progmem)
 *(.progmem.*)
                0x00000068                        __progmem_end = .
                0x00000001                        ASSERT (((__progmem_start == __progmem_end) || (__progmem_end <= 0x10000)), .progmem section exceeds 0x10000)
                0x00000068                        . = ALIGN (0x2)
                0x00000068                        __trampolines_start = .
 *(.trampolines)
 .trampolines   0x00000068        0x0 linker stubs
 *(.trampolines*)
                0x00000068                        __trampolines_end = .
                0x00000068                        . = ALIGN (0x2)
 *(.lowtext)
 *(.lowtext*)
                0x00000068                        __ctors_start = .
 *(.ctors)
                0x00000068                        __ctors_end = .
                0x00000068                        __dtors_start = .
 *(.dtors)
                0x00000068                        __dtors_end = .
 SORT_BY_NAME(*)(.ctors)
 SORT_BY_NAME(*)(.dtors)
 *(.init0)
 .init0         0x00000068        0x0 C:/Users/svant/OneDrive/Documents/AVR/Avr/bin/../lib/gcc/avr/15.2.0/../../../../avr/lib/avr5/crtatmega328p.o
                0x00000068                __init
 *(.init0)
 *(.init1)
 *(.init1)
 *(.init2)
 .init2         0x00000068        0xc C:/Users/svant/OneDrive/Documents/AVR/Avr/bin/../lib/gcc/avr/15.2.0/../../../../avr/lib/avr5/crtatmega328p.o
 *(.init2)
 *(.init3)
 *(.init3)
 *(.init4)
 .init4         0x00000074       0x16 C:/Users/svant/OneDrive/Documents/AVR/Avr/bin/../lib/gcc/avr/15.2.0/avr5\libgcc.a(_copy_data.o)
                0x00000074                __do_copy_data
 .init4         0x0000008a       0x10 C:/Users/svant/OneDrive/Documents/AVR/Avr/bin/../lib/gcc/avr/15.2.0/avr5\libgcc.a(_clear_bss.o)
                0x0000008a                __do_clear_bss
 *(.init4)
 *(.init5)
 *(.init5)
 *(.init6)
 *(.init6)
 *(.init7)
 *(.init7)
 *(.init8)
 *(.init8)
 *(.init9)
 .init9         0x0000009a        0x8 C:/Users/svant/OneDrive/Documents/AVR/Avr/bin/../lib/gcc/avr/15.2.0/../../../../avr/lib/avr5/crtatmega328p.o
 *(.init9)
 *(.text)
 .text          0x000000a2        0x4 C:/Users/svant/OneDrive/Documents/AVR/Avr/bin/../lib/gcc/avr/15.2.0/../../../../avr/lib/avr5/crtatmega328p.o
                0x000000a2                __vector_22
                0x000000a2                __vector_1
                0x000000a2                __vector_24
                0x000000a2                __bad_interrupt
                0x000000a2                __vector_6
                0x000000a2                __vector_3
                0x000000a2                __vector_23
                0x000000a2                __vector_25
                0x000000a2                __vector_17
                0x000000a2                __vector_19
                0x000000a2                __vector_5
                0x000000a2                __vector_4
                0x000000a2                __vector_9
                0x000000a2                __vector_2
                0x000000a2                __vector_21
                0x000000a2                __vector_15
                0x000000a2                __vector_8
                0x000000a2                __vector_14
                0x000000a2                __vector_10
                0x000000a2                __vector_16
                0x000000a2                __vector_18
                0x000000a2                __vector_20
 .text          0x000000a6      0x132 obj/millis.o
                0x000000a6                millis_init
                0x000000be                millis_get
                0x000000d6                millis_resume
                0x000000ea                millis_pause
                0x000000fe                millis_reset
                0x00000116                millis_add
                0x0000014a                millis_subtract
                0x00000192                __vector_7
 .text          0x000001d8       0xe8 obj/main.o
                0x000001d8                buttonmatrix
                0x000002ac                findLen
 .text          0x000002c0       0xd0 obj/servo.o
                0x000002c0                __vector_13
                0x000002da                __vector_11
                0x000002de                __vector_12
                0x000002e2                init_servo
                0x00000318                servo1_set_percentage
                0x00000354                servo2_set_percentage
 .text          0x00000390       0x72 obj/uart.o
                0x00000390                uart_putchar
                0x000003b2                uart_getchar
                0x000003c2                uart_init
                0x000003e4                init_serial
 .text          0x00000402      0x30c obj/lcd.o
                0x00000402                lcd_write_nibble
                0x00000422                lcd_send
                0x0000044e                lcd_command
                0x00000454                lcd_write
                0x0000045a                lcd_on
                0x0000046c                lcd_off
                0x0000047c                lcd_clear
                0x00000490                lcd_init
                0x00000532                lcd_return_home
                0x00000546                lcd_enable_blinking
                0x00000558                lcd_disable_blinking
                0x00000568                lcd_enable_cursor
                0x0000057a                lcd_disable_cursor
                0x0000058a                lcd_scroll_left
                0x00000590                lcd_scroll_right
                0x00000596                lcd_set_left_to_right
                0x000005a8                lcd_set_right_to_left
                0x000005b8                lcd_enable_autoscroll
                0x000005ca                lcd_disable_autoscroll
                0x000005da                lcd_create_char
                0x00000612                lcd_set_cursor
                0x00000624                swedish_parser
                0x00000680                lcd_puts
                0x000006c4                lcd_printf
 .text          0x0000070e        0x0 C:/Users/svant/OneDrive/Documents/AVR/Avr/bin/../lib/gcc/avr/15.2.0/avr5\libgcc.a(_exit.o)
 .text          0x0000070e        0x0 C:/Users/svant/OneDrive/Documents/AVR/Avr/bin/../lib/gcc/avr/15.2.0/avr5\libgcc.a(_copy_data.o)
 .text          0x0000070e        0x0 C:/Users/svant/OneDrive/Documents/AVR/Avr/bin/../lib/gcc/avr/15.2.0/avr5\libgcc.a(_clear_bss.o)
 .text          0x0000070e        0x0 C:/Users/svant/OneDrive/Documents/AVR/Avr/bin/../lib/gcc/avr/15.2.0/../../../../avr/lib/avr5\libm.a(addsf3.o)
 .text          0x0000070e        0x0 C:/Users/svant/OneDrive/Documents/AVR/Avr/bin/../lib/gcc/avr/15.2.0/../../../../avr/lib/avr5\libm.a(addsf3x.o)
 .text          0x0000070e        0x0 C:/Users/svant/OneDrive/Documents/AVR/Avr/bin/../lib/gcc/avr/15.2.0/../../../../avr/lib/avr5\libm.a(fixunssfsi.o)
 .text          0x0000070e        0x0 C:/Users/svant/OneDrive/Documents/AVR/Avr/bin/../lib/gcc/avr/15.2.0/../../../../avr/lib/avr5\libm.a(floatsisf.o)
 .text          0x0000070e        0x0 C:/Users/svant/OneDrive/Documents/AVR/Avr/bin/../lib/gcc/avr/15.2.0/../../../../avr/lib/avr5\libm.a(fp_inf.o)
 .text          0x0000070e        0x0 C:/Users/svant/OneDrive/Documents/AVR/Avr/bin/../lib/gcc/avr/15.2.0/../../../../avr/lib/avr5\libm.a(fp_nan.o)
 .text          0x0000070e        0x0 C:/Users/svant/OneDrive/Documents/AVR/Avr/bin/../lib/gcc/avr/15.2.0/../../../../avr/lib/avr5\libm.a(fp_pscA.o)
 .text          0x0000070e        0x0 C:/Users/svant/OneDrive/Documents/AVR/Avr/bin/../lib/gcc/avr/15.2.0/../../../../avr/lib/avr5\libm.a(fp_pscB.o)
 .text          0x0000070e        0x0 C:/Users/svant/OneDrive/Documents/AVR/Avr/bin/../lib/gcc/avr/15.2.0/../../../../avr/lib/avr5\libm.a(fp_round.o)
 .text          0x0000070e        0x0 C:/Users/svant/OneDrive/Documents/AVR/Avr/bin/../lib/gcc/avr/15.2.0/../../../../avr/lib/avr5\libm.a(fp_split3.o)
 .text          0x0000070e        0x0 C:/Users/svant/OneDrive/Documents/AVR/Avr/bin/../lib/gcc/avr/15.2.0/../../../../avr/lib/avr5\libm.a(fp_zero.o)
 .text          0x0000070e        0x0 C:/Users/svant/OneDrive/Documents/AVR/Avr/bin/../lib/gcc/avr/15.2.0/../../../../avr/lib/avr5\libm.a(mulsf3.o)
 .text          0x0000070e        0x0 C:/Users/svant/OneDrive/Documents/AVR/Avr/bin/../lib/gcc/avr/15.2.0/../../../../avr/lib/avr5\libm.a(mulsf3x.o)
 .text          0x0000070e        0x0 C:/Users/svant/OneDrive/Documents/AVR/Avr/bin/../lib/gcc/avr/15.2.0/../../../../avr/lib/avr5\libc.a(strncmp.o)
 .text          0x0000070e        0x0 C:/Users/svant/OneDrive/Documents/AVR/Avr/bin/../lib/gcc/avr/15.2.0/../../../../avr/lib/avr5\libc.a(iob.o)
 .text          0x0000070e        0x0 C:/Users/svant/OneDrive/Documents/AVR/Avr/bin/../lib/gcc/avr/15.2.0/../../../../avr/lib/avr5\libc.a(printf.o)
 .text          0x0000070e        0x0 C:/Users/svant/OneDrive/Documents/AVR/Avr/bin/../lib/gcc/avr/15.2.0/../../../../avr/lib/avr5\libc.a(puts.o)
 .text          0x0000070e        0x0 C:/Users/svant/OneDrive/Documents/AVR/Avr/bin/../lib/gcc/avr/15.2.0/../../../../avr/lib/avr5\libc.a(vsnprintf.o)
 .text          0x0000070e        0x0 C:/Users/svant/OneDrive/Documents/AVR/Avr/bin/../lib/gcc/avr/15.2.0/../../../../avr/lib/avr5\libc.a(vfprintf_std.o)
 .text          0x0000070e        0x0 C:/Users/svant/OneDrive/Documents/AVR/Avr/bin/../lib/gcc/avr/15.2.0/../../../../avr/lib/avr5\libc.a(strnlen_P.o)
 .text          0x0000070e        0x0 C:/Users/svant/OneDrive/Documents/AVR/Avr/bin/../lib/gcc/avr/15.2.0/../../../../avr/lib/avr5\libc.a(strnlen.o)
 .text          0x0000070e        0x0 C:/Users/svant/OneDrive/Documents/AVR/Avr/bin/../lib/gcc/avr/15.2.0/../../../../avr/lib/avr5\libc.a(fputc.o)
 .text          0x0000070e        0x0 C:/Users/svant/OneDrive/Documents/AVR/Avr/bin/../lib/gcc/avr/15.2.0/../../../../avr/lib/avr5\libc.a(ultoa_invert.o)
 .text          0x0000070e        0x0 C:/Users/svant/OneDrive/Documents/AVR/Avr/bin/../lib/gcc/avr/15.2.0/avr5\libgcc.a(_negsi2.o)
 .text          0x0000070e        0x0 C:/Users/svant/OneDrive/Documents/AVR/Avr/bin/../lib/gcc/avr/15.2.0/avr5\libgcc.a(_prologue.o)
 .text          0x0000070e        0x0 C:/Users/svant/OneDrive/Documents/AVR/Avr/bin/../lib/gcc/avr/15.2.0/avr5\libgcc.a(_epilogue.o)
                0x0000070e                        . = ALIGN (0x2)
 *(.text.*)
 .text.startup  0x0000070e      0x266 obj/main.o
                0x0000070e                main
 .text.libgcc.mul
                0x00000974        0x0 C:/Users/svant/OneDrive/Documents/AVR/Avr/bin/../lib/gcc/avr/15.2.0/avr5\libgcc.a(_exit.o)
 .text.libgcc.div
                0x00000974        0x0 C:/Users/svant/OneDrive/Documents/AVR/Avr/bin/../lib/gcc/avr/15.2.0/avr5\libgcc.a(_exit.o)
 .text.libgcc   0x00000974        0x0 C:/Users/svant/OneDrive/Documents/AVR/Avr/bin/../lib/gcc/avr/15.2.0/avr5\libgcc.a(_exit.o)
 .text.libgcc.prologue
                0x00000974        0x0 C:/Users/svant/OneDrive/Documents/AVR/Avr/bin/../lib/gcc/avr/15.2.0/avr5\libgcc.a(_exit.o)
 .text.libgcc.builtins
                0x00000974        0x0 C:/Users/svant/OneDrive/Documents/AVR/Avr/bin/../lib/gcc/avr/15.2.0/avr5\libgcc.a(_exit.o)
 .text.libgcc.fmul
                0x00000974        0x0 C:/Users/svant/OneDrive/Documents/AVR/Avr/bin/../lib/gcc/avr/15.2.0/avr5\libgcc.a(_exit.o)
 .text.libgcc.fixed
                0x00000974        0x0 C:/Users/svant/OneDrive/Documents/AVR/Avr/bin/../lib/gcc/avr/15.2.0/avr5\libgcc.a(_exit.o)
 .text.libgcc.mul
                0x00000974        0x0 C:/Users/svant/OneDrive/Documents/AVR/Avr/bin/../lib/gcc/avr/15.2.0/avr5\libgcc.a(_copy_data.o)
 .text.libgcc.div
                0x00000974        0x0 C:/Users/svant/OneDrive/Documents/AVR/Avr/bin/../lib/gcc/avr/15.2.0/avr5\libgcc.a(_copy_data.o)
 .text.libgcc   0x00000974        0x0 C:/Users/svant/OneDrive/Documents/AVR/Avr/bin/../lib/gcc/avr/15.2.0/avr5\libgcc.a(_copy_data.o)
 .text.libgcc.prologue
                0x00000974        0x0 C:/Users/svant/OneDrive/Documents/AVR/Avr/bin/../lib/gcc/avr/15.2.0/avr5\libgcc.a(_copy_data.o)
 .text.libgcc.builtins
                0x00000974        0x0 C:/Users/svant/OneDrive/Documents/AVR/Avr/bin/../lib/gcc/avr/15.2.0/avr5\libgcc.a(_copy_data.o)
 .text.libgcc.fmul
                0x00000974        0x0 C:/Users/svant/OneDrive/Documents/AVR/Avr/bin/../lib/gcc/avr/15.2.0/avr5\libgcc.a(_copy_data.o)
 .text.libgcc.fixed
                0x00000974        0x0 C:/Users/svant/OneDrive/Documents/AVR/Avr/bin/../lib/gcc/avr/15.2.0/avr5\libgcc.a(_copy_data.o)
 .text.libgcc.mul
                0x00000974        0x0 C:/Users/svant/OneDrive/Documents/AVR/Avr/bin/../lib/gcc/avr/15.2.0/avr5\libgcc.a(_clear_bss.o)
 .text.libgcc.div
                0x00000974        0x0 C:/Users/svant/OneDrive/Documents/AVR/Avr/bin/../lib/gcc/avr/15.2.0/avr5\libgcc.a(_clear_bss.o)
 .text.libgcc   0x00000974        0x0 C:/Users/svant/OneDrive/Documents/AVR/Avr/bin/../lib/gcc/avr/15.2.0/avr5\libgcc.a(_clear_bss.o)
 .text.libgcc.prologue
                0x00000974        0x0 C:/Users/svant/OneDrive/Documents/AVR/Avr/bin/../lib/gcc/avr/15.2.0/avr5\libgcc.a(_clear_bss.o)
 .text.libgcc.builtins
                0x00000974        0x0 C:/Users/svant/OneDrive/Documents/AVR/Avr/bin/../lib/gcc/avr/15.2.0/avr5\libgcc.a(_clear_bss.o)
 .text.libgcc.fmul
                0x00000974        0x0 C:/Users/svant/OneDrive/Documents/AVR/Avr/bin/../lib/gcc/avr/15.2.0/avr5\libgcc.a(_clear_bss.o)
 .text.libgcc.fixed
                0x00000974        0x0 C:/Users/svant/OneDrive/Documents/AVR/Avr/bin/../lib/gcc/avr/15.2.0/avr5\libgcc.a(_clear_bss.o)
 .text.avr-libc.fplib
                0x00000974        0xe C:/Users/svant/OneDrive/Documents/AVR/Avr/bin/../lib/gcc/avr/15.2.0/../../../../avr/lib/avr5\libm.a(addsf3.o)
                0x00000974                __subsf3
                0x00000976                __addsf3
 .text.avr-libc.fplib
                0x00000982       0xcc C:/Users/svant/OneDrive/Documents/AVR/Avr/bin/../lib/gcc/avr/15.2.0/../../../../avr/lib/avr5\libm.a(addsf3x.o)
                0x000009a4                __addsf3x
 .text.avr-libc.fplib
                0x00000a4e       0x5e C:/Users/svant/OneDrive/Documents/AVR/Avr/bin/../lib/gcc/avr/15.2.0/../../../../avr/lib/avr5\libm.a(fixunssfsi.o)
                0x00000a4e                __fixunssfsi
 .text.avr-libc.fplib
                0x00000aac       0x7a C:/Users/svant/OneDrive/Documents/AVR/Avr/bin/../lib/gcc/avr/15.2.0/../../../../avr/lib/avr5\libm.a(floatsisf.o)
                0x00000aac                __floatunsisf
                0x00000ab0                __floatsisf
 .text.avr-libc.fplib
                0x00000b26        0xc C:/Users/svant/OneDrive/Documents/AVR/Avr/bin/../lib/gcc/avr/15.2.0/../../../../avr/lib/avr5\libm.a(fp_inf.o)
                0x00000b26                __fp_inf
 .text.avr-libc.fplib
                0x00000b32        0x6 C:/Users/svant/OneDrive/Documents/AVR/Avr/bin/../lib/gcc/avr/15.2.0/../../../../avr/lib/avr5\libm.a(fp_nan.o)
                0x00000b32                __fp_nan
 .text.avr-libc.fplib
                0x00000b38        0xe C:/Users/svant/OneDrive/Documents/AVR/Avr/bin/../lib/gcc/avr/15.2.0/../../../../avr/lib/avr5\libm.a(fp_pscA.o)
                0x00000b38                __fp_pscA
 .text.avr-libc.fplib
                0x00000b46        0xe C:/Users/svant/OneDrive/Documents/AVR/Avr/bin/../lib/gcc/avr/15.2.0/../../../../avr/lib/avr5\libm.a(fp_pscB.o)
                0x00000b46                __fp_pscB
 .text.avr-libc.fplib
                0x00000b54       0x22 C:/Users/svant/OneDrive/Documents/AVR/Avr/bin/../lib/gcc/avr/15.2.0/../../../../avr/lib/avr5\libm.a(fp_round.o)
                0x00000b54                __fp_round
 .text.avr-libc.fplib
                0x00000b76       0x44 C:/Users/svant/OneDrive/Documents/AVR/Avr/bin/../lib/gcc/avr/15.2.0/../../../../avr/lib/avr5\libm.a(fp_split3.o)
                0x00000b76                __fp_split3
                0x00000b86                __fp_splitA
 .text.avr-libc.fplib
                0x00000bba        0xe C:/Users/svant/OneDrive/Documents/AVR/Avr/bin/../lib/gcc/avr/15.2.0/../../../../avr/lib/avr5\libm.a(fp_zero.o)
                0x00000bba                __fp_zero
                0x00000bbc                __fp_szero
 .text.avr-libc.fplib
                0x00000bc8        0x8 C:/Users/svant/OneDrive/Documents/AVR/Avr/bin/../lib/gcc/avr/15.2.0/../../../../avr/lib/avr5\libm.a(mulsf3.o)
                0x00000bc8                __mulsf3
 .text.avr-libc.fplib
                0x00000bd0       0xd2 C:/Users/svant/OneDrive/Documents/AVR/Avr/bin/../lib/gcc/avr/15.2.0/../../../../avr/lib/avr5\libm.a(mulsf3x.o)
                0x00000bee                __mulsf3x
                0x00000bf4                __mulsf3_pse
 .text.avr-libc
                0x00000ca2       0x1c C:/Users/svant/OneDrive/Documents/AVR/Avr/bin/../lib/gcc/avr/15.2.0/../../../../avr/lib/avr5\libc.a(strncmp.o)
                0x00000ca2                strncmp
 .text.avr-libc
                0x00000cbe       0x2c C:/Users/svant/OneDrive/Documents/AVR/Avr/bin/../lib/gcc/avr/15.2.0/../../../../avr/lib/avr5\libc.a(printf.o)
                0x00000cbe                printf
 .text.avr-libc
                0x00000cea       0x58 C:/Users/svant/OneDrive/Documents/AVR/Avr/bin/../lib/gcc/avr/15.2.0/../../../../avr/lib/avr5\libc.a(puts.o)
                0x00000cea                puts
 .text.avr-libc
                0x00000d42       0x5a C:/Users/svant/OneDrive/Documents/AVR/Avr/bin/../lib/gcc/avr/15.2.0/../../../../avr/lib/avr5\libc.a(vsnprintf.o)
                0x00000d42                vsnprintf
 .text.avr-libc
                0x00000d9c      0x3ca C:/Users/svant/OneDrive/Documents/AVR/Avr/bin/../lib/gcc/avr/15.2.0/../../../../avr/lib/avr5\libc.a(vfprintf_std.o)
                0x00000d9c                vfprintf
 .text.avr-libc
                0x00001166       0x16 C:/Users/svant/OneDrive/Documents/AVR/Avr/bin/../lib/gcc/avr/15.2.0/../../../../avr/lib/avr5\libc.a(strnlen_P.o)
                0x00001166                strnlen_P
 .text.avr-libc
                0x0000117c       0x16 C:/Users/svant/OneDrive/Documents/AVR/Avr/bin/../lib/gcc/avr/15.2.0/../../../../avr/lib/avr5\libc.a(strnlen.o)
                0x0000117c                strnlen
 .text.avr-libc
                0x00001192       0x82 C:/Users/svant/OneDrive/Documents/AVR/Avr/bin/../lib/gcc/avr/15.2.0/../../../../avr/lib/avr5\libc.a(fputc.o)
                0x00001192                fputc
 .text.avr-libc
                0x00001214       0xbc C:/Users/svant/OneDrive/Documents/AVR/Avr/bin/../lib/gcc/avr/15.2.0/../../../../avr/lib/avr5\libc.a(ultoa_invert.o)
                0x00001214                __ultoa_invert
 .text.libgcc.mul
                0x000012d0        0x0 C:/Users/svant/OneDrive/Documents/AVR/Avr/bin/../lib/gcc/avr/15.2.0/avr5\libgcc.a(_negsi2.o)
 .text.libgcc.div
                0x000012d0       0x10 C:/Users/svant/OneDrive/Documents/AVR/Avr/bin/../lib/gcc/avr/15.2.0/avr5\libgcc.a(_negsi2.o)
                0x000012d0                __negsi2
 .text.libgcc   0x000012e0        0x0 C:/Users/svant/OneDrive/Documents/AVR/Avr/bin/../lib/gcc/avr/15.2.0/avr5\libgcc.a(_negsi2.o)
 .text.libgcc.prologue
                0x000012e0        0x0 C:/Users/svant/OneDrive/Documents/AVR/Avr/bin/../lib/gcc/avr/15.2.0/avr5\libgcc.a(_negsi2.o)
 .text.libgcc.builtins
                0x000012e0        0x0 C:/Users/svant/OneDrive/Documents/AVR/Avr/bin/../lib/gcc/avr/15.2.0/avr5\libgcc.a(_negsi2.o)
 .text.libgcc.fmul
                0x000012e0        0x0 C:/Users/svant/OneDrive/Documents/AVR/Avr/bin/../lib/gcc/avr/15.2.0/avr5\libgcc.a(_negsi2.o)
 .text.libgcc.fixed
                0x000012e0        0x0 C:/Users/svant/OneDrive/Documents/AVR/Avr/bin/../lib/gcc/avr/15.2.0/avr5\libgcc.a(_negsi2.o)
 .text.libgcc.mul
                0x000012e0        0x0 C:/Users/svant/OneDrive/Documents/AVR/Avr/bin/../lib/gcc/avr/15.2.0/avr5\libgcc.a(_prologue.o)
 .text.libgcc.div
                0x000012e0        0x0 C:/Users/svant/OneDrive/Documents/AVR/Avr/bin/../lib/gcc/avr/15.2.0/avr5\libgcc.a(_prologue.o)
 .text.libgcc   0x000012e0        0x0 C:/Users/svant/OneDrive/Documents/AVR/Avr/bin/../lib/gcc/avr/15.2.0/avr5\libgcc.a(_prologue.o)
 .text.libgcc.prologue
                0x000012e0       0x38 C:/Users/svant/OneDrive/Documents/AVR/Avr/bin/../lib/gcc/avr/15.2.0/avr5\libgcc.a(_prologue.o)
                0x000012e0                __prologue_saves__
 .text.libgcc.builtins
                0x00001318        0x0 C:/Users/svant/OneDrive/Documents/AVR/Avr/bin/../lib/gcc/avr/15.2.0/avr5\libgcc.a(_prologue.o)
 .text.libgcc.fmul
                0x00001318        0x0 C:/Users/svant/OneDrive/Documents/AVR/Avr/bin/../lib/gcc/avr/15.2.0/avr5\libgcc.a(_prologue.o)
 .text.libgcc.fixed
                0x00001318        0x0 C:/Users/svant/OneDrive/Documents/AVR/Avr/bin/../lib/gcc/avr/15.2.0/avr5\libgcc.a(_prologue.o)
 .text.libgcc.mul
                0x00001318        0x0 C:/Users/svant/OneDrive/Documents/AVR/Avr/bin/../lib/gcc/avr/15.2.0/avr5\libgcc.a(_epilogue.o)
 .text.libgcc.div
                0x00001318        0x0 C:/Users/svant/OneDrive/Documents/AVR/Avr/bin/../lib/gcc/avr/15.2.0/avr5\libgcc.a(_epilogue.o)
 .text.libgcc   0x00001318        0x0 C:/Users/svant/OneDrive/Documents/AVR/Avr/bin/../lib/gcc/avr/15.2.0/avr5\libgcc.a(_epilogue.o)
 .text.libgcc.prologue
                0x00001318       0x36 C:/Users/svant/OneDrive/Documents/AVR/Avr/bin/../lib/gcc/avr/15.2.0/avr5\libgcc.a(_epilogue.o)
                0x00001318                __epilogue_restores__
 .text.libgcc.builtins
                0x0000134e        0x0 C:/Users/svant/OneDrive/Documents/AVR/Avr/bin/../lib/gcc/avr/15.2.0/avr5\libgcc.a(_epilogue.o)
 .text.libgcc.fmul
                0x0000134e        0x0 C:/Users/svant/OneDrive/Documents/AVR/Avr/bin/../lib/gcc/avr/15.2.0/avr5\libgcc.a(_epilogue.o)
 .text.libgcc.fixed
                0x0000134e        0x0 C:/Users/svant/OneDrive/Documents/AVR/Avr/bin/../lib/gcc/avr/15.2.0/avr5\libgcc.a(_epilogue.o)
                0x0000134e                        . = ALIGN (0x2)
 *(.fini9)
 .fini9         0x0000134e        0x0 C:/Users/svant/OneDrive/Documents/AVR/Avr/bin/../lib/gcc/avr/15.2.0/avr5\libgcc.a(_exit.o)
                0x0000134e                _exit
                0x0000134e                exit
 *(.fini9)
 *(.fini8)
 *(.fini8)
 *(.fini7)
 *(.fini7)
 *(.fini6)
 *(.fini6)
 *(.fini5)
 *(.fini5)
 *(.fini4)
 *(.fini4)
 *(.fini3)
 *(.fini3)
 *(.fini2)
 *(.fini2)
 *(.fini1)
 *(.fini1)
 *(.fini0)
 .fini0         0x0000134e        0x4 C:/Users/svant/OneDrive/Documents/AVR/Avr/bin/../lib/gcc/avr/15.2.0/avr5\libgcc.a(_exit.o)
 *(.fini0)
 *(.hightext)
 *(.hightext*)
 *(.progmemx)
 *(.progmemx.*)
                0x00001352                        . = ALIGN (0x2)
 *(.jumptables)
 *(.jumptables*)
                0x00001352                        _etext = .

.data           0x00800100       0x60 load address 0x00001352
                0x00800100                        PROVIDE (__data_start = .)
 *(.data)
 .data          0x00800100        0x0 C:/Users/svant/OneDrive/Documents/AVR/Avr/bin/../lib/gcc/avr/15.2.0/../../../../avr/lib/avr5/crtatmega328p.o
 .data          0x00800100        0x0 obj/millis.o
 .data          0x00800100        0xe obj/main.o
                0x00800100                rightcode
                0x00800105                matrix
 .data          0x0080010e        0x0 obj/servo.o
 .data          0x0080010e       0x1c obj/uart.o
                0x0080010e                uart_input
                0x0080011c                uart_output
 .data          0x0080012a        0x0 obj/lcd.o
 .data          0x0080012a        0x0 C:/Users/svant/OneDrive/Documents/AVR/Avr/bin/../lib/gcc/avr/15.2.0/avr5\libgcc.a(_exit.o)
 .data          0x0080012a        0x0 C:/Users/svant/OneDrive/Documents/AVR/Avr/bin/../lib/gcc/avr/15.2.0/avr5\libgcc.a(_copy_data.o)
 .data          0x0080012a        0x0 C:/Users/svant/OneDrive/Documents/AVR/Avr/bin/../lib/gcc/avr/15.2.0/avr5\libgcc.a(_clear_bss.o)
 .data          0x0080012a        0x0 C:/Users/svant/OneDrive/Documents/AVR/Avr/bin/../lib/gcc/avr/15.2.0/../../../../avr/lib/avr5\libm.a(addsf3.o)
 .data          0x0080012a        0x0 C:/Users/svant/OneDrive/Documents/AVR/Avr/bin/../lib/gcc/avr/15.2.0/../../../../avr/lib/avr5\libm.a(addsf3x.o)
 .data          0x0080012a        0x0 C:/Users/svant/OneDrive/Documents/AVR/Avr/bin/../lib/gcc/avr/15.2.0/../../../../avr/lib/avr5\libm.a(fixunssfsi.o)
 .data          0x0080012a        0x0 C:/Users/svant/OneDrive/Documents/AVR/Avr/bin/../lib/gcc/avr/15.2.0/../../../../avr/lib/avr5\libm.a(floatsisf.o)
 .data          0x0080012a        0x0 C:/Users/svant/OneDrive/Documents/AVR/Avr/bin/../lib/gcc/avr/15.2.0/../../../../avr/lib/avr5\libm.a(fp_inf.o)
 .data          0x0080012a        0x0 C:/Users/svant/OneDrive/Documents/AVR/Avr/bin/../lib/gcc/avr/15.2.0/../../../../avr/lib/avr5\libm.a(fp_nan.o)
 .data          0x0080012a        0x0 C:/Users/svant/OneDrive/Documents/AVR/Avr/bin/../lib/gcc/avr/15.2.0/../../../../avr/lib/avr5\libm.a(fp_pscA.o)
 .data          0x0080012a        0x0 C:/Users/svant/OneDrive/Documents/AVR/Avr/bin/../lib/gcc/avr/15.2.0/../../../../avr/lib/avr5\libm.a(fp_pscB.o)
 .data          0x0080012a        0x0 C:/Users/svant/OneDrive/Documents/AVR/Avr/bin/../lib/gcc/avr/15.2.0/../../../../avr/lib/avr5\libm.a(fp_round.o)
 .data          0x0080012a        0x0 C:/Users/svant/OneDrive/Documents/AVR/Avr/bin/../lib/gcc/avr/15.2.0/../../../../avr/lib/avr5\libm.a(fp_split3.o)
 .data          0x0080012a        0x0 C:/Users/svant/OneDrive/Documents/AVR/Avr/bin/../lib/gcc/avr/15.2.0/../../../../avr/lib/avr5\libm.a(fp_zero.o)
 .data          0x0080012a        0x0 C:/Users/svant/OneDrive/Documents/AVR/Avr/bin/../lib/gcc/avr/15.2.0/../../../../avr/lib/avr5\libm.a(mulsf3.o)
 .data          0x0080012a        0x0 C:/Users/svant/OneDrive/Documents/AVR/Avr/bin/../lib/gcc/avr/15.2.0/../../../../avr/lib/avr5\libm.a(mulsf3x.o)
 .data          0x0080012a        0x0 C:/Users/svant/OneDrive/Documents/AVR/Avr/bin/../lib/gcc/avr/15.2.0/../../../../avr/lib/avr5\libc.a(strncmp.o)
 .data          0x0080012a        0x0 C:/Users/svant/OneDrive/Documents/AVR/Avr/bin/../lib/gcc/avr/15.2.0/../../../../avr/lib/avr5\libc.a(iob.o)
 .data          0x0080012a        0x0 C:/Users/svant/OneDrive/Documents/AVR/Avr/bin/../lib/gcc/avr/15.2.0/../../../../avr/lib/avr5\libc.a(printf.o)
 .data          0x0080012a        0x0 C:/Users/svant/OneDrive/Documents/AVR/Avr/bin/../lib/gcc/avr/15.2.0/../../../../avr/lib/avr5\libc.a(puts.o)
 .data          0x0080012a        0x0 C:/Users/svant/OneDrive/Documents/AVR/Avr/bin/../lib/gcc/avr/15.2.0/../../../../avr/lib/avr5\libc.a(vsnprintf.o)
 .data          0x0080012a        0x0 C:/Users/svant/OneDrive/Documents/AVR/Avr/bin/../lib/gcc/avr/15.2.0/../../../../avr/lib/avr5\libc.a(vfprintf_std.o)
 .data          0x0080012a        0x0 C:/Users/svant/OneDrive/Documents/AVR/Avr/bin/../lib/gcc/avr/15.2.0/../../../../avr/lib/avr5\libc.a(strnlen_P.o)
 .data          0x0080012a        0x0 C:/Users/svant/OneDrive/Documents/AVR/Avr/bin/../lib/gcc/avr/15.2.0/../../../../avr/lib/avr5\libc.a(strnlen.o)
 .data          0x0080012a        0x0 C:/Users/svant/OneDrive/Documents/AVR/Avr/bin/../lib/gcc/avr/15.2.0/../../../../avr/lib/avr5\libc.a(fputc.o)
 .data          0x0080012a        0x0 C:/Users/svant/OneDrive/Documents/AVR/Avr/bin/../lib/gcc/avr/15.2.0/../../../../avr/lib/avr5\libc.a(ultoa_invert.o)
 .data          0x0080012a        0x0 C:/Users/svant/OneDrive/Documents/AVR/Avr/bin/../lib/gcc/avr/15.2.0/avr5\libgcc.a(_negsi2.o)
 .data          0x0080012a        0x0 C:/Users/svant/OneDrive/Documents/AVR/Avr/bin/../lib/gcc/avr/15.2.0/avr5\libgcc.a(_prologue.o)
 .data          0x0080012a        0x0 C:/Users/svant/OneDrive/Documents/AVR/Avr/bin/../lib/gcc/avr/15.2.0/avr5\libgcc.a(_epilogue.o)
 *(.data*)
 *(.gnu.linkonce.d*)
 *(.rodata)
 .rodata        0x0080012a        0x6 obj/main.o
                0x0080012a                columnPins
                0x0080012d                rowPins
 .rodata        0x00800130        0x4 obj/lcd.o
 *(.rodata*)
 .rodata.str1.1
                0x00800134       0x2c obj/main.o
                                 0x33 (size before relaxing)
 *(.gnu.linkonce.r*)
                0x00800160                        . = ALIGN (0x2)
                0x00800160                        _edata = .
                0x00800160                        PROVIDE (__data_end = .)

.bss            0x00800160       0x1c
                0x00800160                        PROVIDE (__bss_start = .)
 *(.bss)
 .bss           0x00800160        0x0 C:/Users/svant/OneDrive/Documents/AVR/Avr/bin/../lib/gcc/avr/15.2.0/../../../../avr/lib/avr5/crtatmega328p.o
 .bss           0x00800160        0x4 obj/millis.o
 .bss           0x00800164        0x0 obj/main.o
 .bss           0x00800164        0x0 obj/servo.o
 .bss           0x00800164        0x0 obj/uart.o
 .bss           0x00800164       0x12 obj/lcd.o
 .bss           0x00800176        0x0 C:/Users/svant/OneDrive/Documents/AVR/Avr/bin/../lib/gcc/avr/15.2.0/avr5\libgcc.a(_exit.o)
 .bss           0x00800176        0x0 C:/Users/svant/OneDrive/Documents/AVR/Avr/bin/../lib/gcc/avr/15.2.0/avr5\libgcc.a(_copy_data.o)
 .bss           0x00800176        0x0 C:/Users/svant/OneDrive/Documents/AVR/Avr/bin/../lib/gcc/avr/15.2.0/avr5\libgcc.a(_clear_bss.o)
 .bss           0x00800176        0x0 C:/Users/svant/OneDrive/Documents/AVR/Avr/bin/../lib/gcc/avr/15.2.0/../../../../avr/lib/avr5\libm.a(addsf3.o)
 .bss           0x00800176        0x0 C:/Users/svant/OneDrive/Documents/AVR/Avr/bin/../lib/gcc/avr/15.2.0/../../../../avr/lib/avr5\libm.a(addsf3x.o)
 .bss           0x00800176        0x0 C:/Users/svant/OneDrive/Documents/AVR/Avr/bin/../lib/gcc/avr/15.2.0/../../../../avr/lib/avr5\libm.a(fixunssfsi.o)
 .bss           0x00800176        0x0 C:/Users/svant/OneDrive/Documents/AVR/Avr/bin/../lib/gcc/avr/15.2.0/../../../../avr/lib/avr5\libm.a(floatsisf.o)
 .bss           0x00800176        0x0 C:/Users/svant/OneDrive/Documents/AVR/Avr/bin/../lib/gcc/avr/15.2.0/../../../../avr/lib/avr5\libm.a(fp_inf.o)
 .bss           0x00800176        0x0 C:/Users/svant/OneDrive/Documents/AVR/Avr/bin/../lib/gcc/avr/15.2.0/../../../../avr/lib/avr5\libm.a(fp_nan.o)
 .bss           0x00800176        0x0 C:/Users/svant/OneDrive/Documents/AVR/Avr/bin/../lib/gcc/avr/15.2.0/../../../../avr/lib/avr5\libm.a(fp_pscA.o)
 .bss           0x00800176        0x0 C:/Users/svant/OneDrive/Documents/AVR/Avr/bin/../lib/gcc/avr/15.2.0/../../../../avr/lib/avr5\libm.a(fp_pscB.o)
 .bss           0x00800176        0x0 C:/Users/svant/OneDrive/Documents/AVR/Avr/bin/../lib/gcc/avr/15.2.0/../../../../avr/lib/avr5\libm.a(fp_round.o)
 .bss           0x00800176        0x0 C:/Users/svant/OneDrive/Documents/AVR/Avr/bin/../lib/gcc/avr/15.2.0/../../../../avr/lib/avr5\libm.a(fp_split3.o)
 .bss           0x00800176        0x0 C:/Users/svant/OneDrive/Documents/AVR/Avr/bin/../lib/gcc/avr/15.2.0/../../../../avr/lib/avr5\libm.a(fp_zero.o)
 .bss           0x00800176        0x0 C:/Users/svant/OneDrive/Documents/AVR/Avr/bin/../lib/gcc/avr/15.2.0/../../../../avr/lib/avr5\libm.a(mulsf3.o)
 .bss           0x00800176        0x0 C:/Users/svant/OneDrive/Documents/AVR/Avr/bin/../lib/gcc/avr/15.2.0/../../../../avr/lib/avr5\libm.a(mulsf3x.o)
 .bss           0x00800176        0x0 C:/Users/svant/OneDrive/Documents/AVR/Avr/bin/../lib/gcc/avr/15.2.0/../../../../avr/lib/avr5\libc.a(strncmp.o)
 .bss           0x00800176        0x6 C:/Users/svant/OneDrive/Documents/AVR/Avr/bin/../lib/gcc/avr/15.2.0/../../../../avr/lib/avr5\libc.a(iob.o)
                0x00800176                __iob
 .bss           0x0080017c        0x0 C:/Users/svant/OneDrive/Documents/AVR/Avr/bin/../lib/gcc/avr/15.2.0/../../../../avr/lib/avr5\libc.a(printf.o)
 .bss           0x0080017c        0x0 C:/Users/svant/OneDrive/Documents/AVR/Avr/bin/../lib/gcc/avr/15.2.0/../../../../avr/lib/avr5\libc.a(puts.o)
 .bss           0x0080017c        0x0 C:/Users/svant/OneDrive/Documents/AVR/Avr/bin/../lib/gcc/avr/15.2.0/../../../../avr/lib/avr5\libc.a(vsnprintf.o)
 .bss           0x0080017c        0x0 C:/Users/svant/OneDrive/Documents/AVR/Avr/bin/../lib/gcc/avr/15.2.0/../../../../avr/lib/avr5\libc.a(vfprintf_std.o)
 .bss           0x0080017c        0x0 C:/Users/svant/OneDrive/Documents/AVR/Avr/bin/../lib/gcc/avr/15.2.0/../../../../avr/lib/avr5\libc.a(strnlen_P.o)
 .bss           0x0080017c        0x0 C:/Users/svant/OneDrive/Documents/AVR/Avr/bin/../lib/gcc/avr/15.2.0/../../../../avr/lib/avr5\libc.a(strnlen.o)
 .bss           0x0080017c        0x0 C:/Users/svant/OneDrive/Documents/AVR/Avr/bin/../lib/gcc/avr/15.2.0/../../../../avr/lib/avr5\libc.a(fputc.o)
 .bss           0x0080017c        0x0 C:/Users/svant/OneDrive/Documents/AVR/Avr/bin/../lib/gcc/avr/15.2.0/../../../../avr/lib/avr5\libc.a(ultoa_invert.o)
 .bss           0x0080017c        0x0 C:/Users/svant/OneDrive/Documents/AVR/Avr/bin/../lib/gcc/avr/15.2.0/avr5\libgcc.a(_negsi2.o)
 .bss           0x0080017c        0x0 C:/Users/svant/OneDrive/Documents/AVR/Avr/bin/../lib/gcc/avr/15.2.0/avr5\libgcc.a(_prologue.o)
 .bss           0x0080017c        0x0 C:/Users/svant/OneDrive/Documents/AVR/Avr/bin/../lib/gcc/avr/15.2.0/avr5\libgcc.a(_epilogue.o)
 *(.bss*)
 *(COMMON)
                0x0080017c                        PROVIDE (__bss_end = .)
                0x00001352                        __data_load_start = LOADADDR (.data)
                0x000013b2                        __data_load_end = (__data_load_start + SIZEOF (.data))

.noinit         0x0080017c        0x0
                [!provide]                        PROVIDE (__noinit_start = .)
 *(.noinit .noinit.* .gnu.linkonce.n.*)
                [!provide]                        PROVIDE (__noinit_end = .)
                0x0080017c                        _end = .
                [!provide]                        PROVIDE (__heap_start = .)
                0x00000000                        __flmap_init_label = DEFINED (__flmap_noinit_start)?__flmap_noinit_start:0x0
                0x00000000                        __flmap = DEFINED (__flmap)?__flmap:0x0

.eeprom         0x00810000        0x0
 *(.eeprom*)
                0x00810000                        __eeprom_end = .

.fuse
 *(.fuse)
 *(.lfuse)
 *(.hfuse)
 *(.efuse)

.lock
 *(.lock*)

.signature
 *(.signature*)

.stab
 *(.stab)

.stabstr
 *(.stabstr)

.stab.excl
 *(.stab.excl)

.stab.exclstr
 *(.stab.exclstr)

.stab.index
 *(.stab.index)

.stab.indexstr
 *(.stab.indexstr)

.comment        0x00000000       0x12
 *(.comment)
 .comment       0x00000000       0x12 obj/millis.o
                                 0x13 (size before relaxing)
 .comment       0x00000012        0x0 obj/main.o
                                 0x13 (size before relaxing)
 .comment       0x00000012        0x0 obj/servo.o
                                 0x13 (size before relaxing)
 .comment       0x00000012        0x0 obj/uart.o
                                 0x13 (size before relaxing)
 .comment       0x00000012        0x0 obj/lcd.o
                                 0x13 (size before relaxing)
 .comment       0x00000012        0x0 C:/Users/svant/OneDrive/Documents/AVR/Avr/bin/../lib/gcc/avr/15.2.0/../../../../avr/lib/avr5\libc.a(iob.o)
                                 0x13 (size before relaxing)
 .comment       0x00000012        0x0 C:/Users/svant/OneDrive/Documents/AVR/Avr/bin/../lib/gcc/avr/15.2.0/../../../../avr/lib/avr5\libc.a(printf.o)
                                 0x13 (size before relaxing)
 .comment       0x00000012        0x0 C:/Users/svant/OneDrive/Documents/AVR/Avr/bin/../lib/gcc/avr/15.2.0/../../../../avr/lib/avr5\libc.a(puts.o)
                                 0x13 (size before relaxing)
 .comment       0x00000012        0x0 C:/Users/svant/OneDrive/Documents/AVR/Avr/bin/../lib/gcc/avr/15.2.0/../../../../avr/lib/avr5\libc.a(vsnprintf.o)
                                 0x13 (size before relaxing)
 .comment       0x00000012        0x0 C:/Users/svant/OneDrive/Documents/AVR/Avr/bin/../lib/gcc/avr/15.2.0/../../../../avr/lib/avr5\libc.a(vfprintf_std.o)
                                 0x13 (size before relaxing)
 .comment       0x00000012        0x0 C:/Users/svant/OneDrive/Documents/AVR/Avr/bin/../lib/gcc/avr/15.2.0/../../../../avr/lib/avr5\libc.a(fputc.o)
                                 0x13 (size before relaxing)

.note.gnu.avr.deviceinfo
                0x00000000       0x40
 .note.gnu.avr.deviceinfo
                0x00000000       0x40 C:/Users/svant/OneDrive/Documents/AVR/Avr/bin/../lib/gcc/avr/15.2.0/../../../../avr/lib/avr5/crtatmega328p.o

.gnu.build.attributes
 *(.gnu.build.attributes .gnu.build.attributes.*)

.note.gnu.build-id
 *(.note.gnu.build-id)

.debug
 *(.debug)

.line
 *(.line)

.debug_srcinfo
 *(.debug_srcinfo)

.debug_sfnames
 *(.debug_sfnames)

.debug_aranges  0x00000000       0xc0
 *(.debug_aranges)
 .debug_aranges
                0x00000000       0x20 C:/Users/svant/OneDrive/Documents/AVR/Avr/bin/../lib/gcc/avr/15.2.0/avr5\libgcc.a(_exit.o)
 .debug_aranges
                0x00000020       0x20 C:/Users/svant/OneDrive/Documents/AVR/Avr/bin/../lib/gcc/avr/15.2.0/avr5\libgcc.a(_copy_data.o)
 .debug_aranges
                0x00000040       0x20 C:/Users/svant/OneDrive/Documents/AVR/Avr/bin/../lib/gcc/avr/15.2.0/avr5\libgcc.a(_clear_bss.o)
 .debug_aranges
                0x00000060       0x20 C:/Users/svant/OneDrive/Documents/AVR/Avr/bin/../lib/gcc/avr/15.2.0/avr5\libgcc.a(_negsi2.o)
 .debug_aranges
                0x00000080       0x20 C:/Users/svant/OneDrive/Documents/AVR/Avr/bin/../lib/gcc/avr/15.2.0/avr5\libgcc.a(_prologue.o)
 .debug_aranges
                0x000000a0       0x20 C:/Users/svant/OneDrive/Documents/AVR/Avr/bin/../lib/gcc/avr/15.2.0/avr5\libgcc.a(_epilogue.o)

.debug_pubnames
 *(.debug_pubnames)

.debug_info     0x00000000      0x6cc
 *(.debug_info .gnu.linkonce.wi.*)
 .debug_info    0x00000000      0x5f4 C:/Users/svant/OneDrive/Documents/AVR/Avr/bin/../lib/gcc/avr/15.2.0/../../../../avr/lib/avr5/crtatmega328p.o
 .debug_info    0x000005f4       0x24 C:/Users/svant/OneDrive/Documents/AVR/Avr/bin/../lib/gcc/avr/15.2.0/avr5\libgcc.a(_exit.o)
 .debug_info    0x00000618       0x24 C:/Users/svant/OneDrive/Documents/AVR/Avr/bin/../lib/gcc/avr/15.2.0/avr5\libgcc.a(_copy_data.o)
 .debug_info    0x0000063c       0x24 C:/Users/svant/OneDrive/Documents/AVR/Avr/bin/../lib/gcc/avr/15.2.0/avr5\libgcc.a(_clear_bss.o)
 .debug_info    0x00000660       0x24 C:/Users/svant/OneDrive/Documents/AVR/Avr/bin/../lib/gcc/avr/15.2.0/avr5\libgcc.a(_negsi2.o)
 .debug_info    0x00000684       0x24 C:/Users/svant/OneDrive/Documents/AVR/Avr/bin/../lib/gcc/avr/15.2.0/avr5\libgcc.a(_prologue.o)
 .debug_info    0x000006a8       0x24 C:/Users/svant/OneDrive/Documents/AVR/Avr/bin/../lib/gcc/avr/15.2.0/avr5\libgcc.a(_epilogue.o)

.debug_abbrev   0x00000000      0x61a
 *(.debug_abbrev)
 .debug_abbrev  0x00000000      0x5a2 C:/Users/svant/OneDrive/Documents/AVR/Avr/bin/../lib/gcc/avr/15.2.0/../../../../avr/lib/avr5/crtatmega328p.o
 .debug_abbrev  0x000005a2       0x14 C:/Users/svant/OneDrive/Documents/AVR/Avr/bin/../lib/gcc/avr/15.2.0/avr5\libgcc.a(_exit.o)
 .debug_abbrev  0x000005b6       0x14 C:/Users/svant/OneDrive/Documents/AVR/Avr/bin/../lib/gcc/avr/15.2.0/avr5\libgcc.a(_copy_data.o)
 .debug_abbrev  0x000005ca       0x14 C:/Users/svant/OneDrive/Documents/AVR/Avr/bin/../lib/gcc/avr/15.2.0/avr5\libgcc.a(_clear_bss.o)
 .debug_abbrev  0x000005de       0x14 C:/Users/svant/OneDrive/Documents/AVR/Avr/bin/../lib/gcc/avr/15.2.0/avr5\libgcc.a(_negsi2.o)
 .debug_abbrev  0x000005f2       0x14 C:/Users/svant/OneDrive/Documents/AVR/Avr/bin/../lib/gcc/avr/15.2.0/avr5\libgcc.a(_prologue.o)
 .debug_abbrev  0x00000606       0x14 C:/Users/svant/OneDrive/Documents/AVR/Avr/bin/../lib/gcc/avr/15.2.0/avr5\libgcc.a(_epilogue.o)

.debug_line     0x00000000      0x38f
 *(.debug_line .debug_line.* .debug_line_end)
 .debug_line    0x00000000       0x1d C:/Users/svant/OneDrive/Documents/AVR/Avr/bin/../lib/gcc/avr/15.2.0/../../../../avr/lib/avr5/crtatmega328p.o
 .debug_line    0x0000001d       0x51 C:/Users/svant/OneDrive/Documents/AVR/Avr/bin/../lib/gcc/avr/15.2.0/avr5\libgcc.a(_exit.o)
 .debug_line    0x0000006e       0x87 C:/Users/svant/OneDrive/Documents/AVR/Avr/bin/../lib/gcc/avr/15.2.0/avr5\libgcc.a(_copy_data.o)
 .debug_line    0x000000f5       0x75 C:/Users/svant/OneDrive/Documents/AVR/Avr/bin/../lib/gcc/avr/15.2.0/avr5\libgcc.a(_clear_bss.o)
 .debug_line    0x0000016a       0x51 C:/Users/svant/OneDrive/Documents/AVR/Avr/bin/../lib/gcc/avr/15.2.0/avr5\libgcc.a(_negsi2.o)
 .debug_line    0x000001bb       0xed C:/Users/svant/OneDrive/Documents/AVR/Avr/bin/../lib/gcc/avr/15.2.0/avr5\libgcc.a(_prologue.o)
 .debug_line    0x000002a8       0xe7 C:/Users/svant/OneDrive/Documents/AVR/Avr/bin/../lib/gcc/avr/15.2.0/avr5\libgcc.a(_epilogue.o)

.debug_frame
 *(.debug_frame)

.debug_str      0x00000000      0x270
 *(.debug_str)
 .debug_str     0x00000000      0x208 C:/Users/svant/OneDrive/Documents/AVR/Avr/bin/../lib/gcc/avr/15.2.0/../../../../avr/lib/avr5/crtatmega328p.o
 .debug_str     0x00000208       0x68 C:/Users/svant/OneDrive/Documents/AVR/Avr/bin/../lib/gcc/avr/15.2.0/avr5\libgcc.a(_exit.o)
 .debug_str     0x00000270        0x0 C:/Users/svant/OneDrive/Documents/AVR/Avr/bin/../lib/gcc/avr/15.2.0/avr5\libgcc.a(_copy_data.o)
                                 0x68 (size before relaxing)
 .debug_str     0x00000270        0x0 C:/Users/svant/OneDrive/Documents/AVR/Avr/bin/../lib/gcc/avr/15.2.0/avr5\libgcc.a(_clear_bss.o)
                                 0x68 (size before relaxing)
 .debug_str     0x00000270        0x0 C:/Users/svant/OneDrive/Documents/AVR/Avr/bin/../lib/gcc/avr/15.2.0/avr5\libgcc.a(_negsi2.o)
                                 0x68 (size before relaxing)
 .debug_str     0x00000270        0x0 C:/Users/svant/OneDrive/Documents/AVR/Avr/bin/../lib/gcc/avr/15.2.0/avr5\libgcc.a(_prologue.o)
                                 0x68 (size before relaxing)
 .debug_str     0x00000270        0x0 C:/Users/svant/OneDrive/Documents/AVR/Avr/bin/../lib/gcc/avr/15.2.0/avr5\libgcc.a(_epilogue.o)
                                 0x68 (size before relaxing)

.debug_loc
 *(.debug_loc)

.debug_macinfo
 *(.debug_macinfo)

.debug_weaknames
 *(.debug_weaknames)

.debug_funcnames
 *(.debug_funcnames)

.debug_typenames
 *(.debug_typenames)

.debug_varnames
 *(.debug_varnames)

.debug_pubtypes
 *(.debug_pubtypes)

.debug_ranges
 *(.debug_ranges)

.debug_addr
 *(.debug_addr)

.debug_line_str
                0x00000000       0x5c
 *(.debug_line_str)
 .debug_line_str
                0x00000000       0x5c C:/Users/svant/OneDrive/Documents/AVR/Avr/bin/../lib/gcc/avr/15.2.0/avr5\libgcc.a(_exit.o)
 .debug_line_str
                0x0000005c        0x0 C:/Users/svant/OneDrive/Documents/AVR/Avr/bin/../lib/gcc/avr/15.2.0/avr5\libgcc.a(_copy_data.o)
                                 0x5c (size before relaxing)
 .debug_line_str
                0x0000005c        0x0 C:/Users/svant/OneDrive/Documents/AVR/Avr/bin/../lib/gcc/avr/15.2.0/avr5\libgcc.a(_clear_bss.o)
                                 0x5c (size before relaxing)
 .debug_line_str
                0x0000005c        0x0 C:/Users/svant/OneDrive/Documents/AVR/Avr/bin/../lib/gcc/avr/15.2.0/avr5\libgcc.a(_negsi2.o)
                                 0x5c (size before relaxing)
 .debug_line_str
                0x0000005c        0x0 C:/Users/svant/OneDrive/Documents/AVR/Avr/bin/../lib/gcc/avr/15.2.0/avr5\libgcc.a(_prologue.o)
                                 0x5c (size before relaxing)
 .debug_line_str
                0x0000005c        0x0 C:/Users/svant/OneDrive/Documents/AVR/Avr/bin/../lib/gcc/avr/15.2.0/avr5\libgcc.a(_epilogue.o)
                                 0x5c (size before relaxing)

.debug_loclists
 *(.debug_loclists)

.debug_macro
 *(.debug_macro)

.debug_names
 *(.debug_names)

.debug_rnglists
 *(.debug_rnglists)

.debug_str_offsets
 *(.debug_str_offsets)

.debug_sup
 *(.debug_sup)
OUTPUT(bin/program.elf elf32-avr)
LOAD linker stubs
